{
  "artist_name": "NTO",
  "artist_url": "https://www.last.fm/music/NTO",
  "listeners": "187066",
  "playcount": "2847934"
}