{
  "track_name": "Before You Go",
  "track_id": "23ee7d96-2bfa-4af1-b583-ae6a2e6cc64e",
  "artist_name": "Romain Garcia",
  "artist_id": "32c1c2f5-b510-4b57-bdf9-e0a3d7c79857",
  "album_name": "Before You Go",
  "album_id": "8cc18a30-cac7-4794-bcac-24feebdcda17"
}