{
  "track_name": "Anything",
  "track_id": "a9bdcdd0-e18b-4890-8b9c-b56aaa0792ab",
  "artist_name": "Teho",
  "artist_id": "aba439cf-cc1a-412e-bb46-a5e57a24d880",
  "album_name": "Polytone",
  "album_id": "c4eff4ec-4601-4220-93ab-ade1a95746d9"
}