{
  "artist_name": "widerberg",
  "artist_id": "6ob0DwL4uI6eR5i9cc5tNn",
  "followers": 11243,
  "popularity": 44,
  "albums": []
}