{
  "artist_name": "Romain Garcia",
  "artist_id": "7iCW4xyVOIklzZ2qc7pS5h",
  "followers": 23445,
  "popularity": 52,
  "albums": []
}