{
  "track name": "Kaili",
  "track id": 2582922142,
  "artist name": "Caribou",
  "artist id": 3892,
  "album name": "Swim",
  "album id": 523121232
}