{
  "album_name": "Syamo",
  "album_id": "1fp5VOyTSZXrfOiZyDSJFh",
  "popularity": 47,
  "artist_name": "Romain Garcia",
  "artist_id": "7iCW4xyVOIklzZ2qc7pS5h",
  "release_date": "2021-12-17",
  "album_type": "single",
  "track_count": 4,
  "tracks": []
}