{
  "album_name": "Destroying the Commons (The Noam Chomsky Music Project)",
  "album_id": "5j49qhDj0R2sNiYhyvsgUl",
  "popularity": 38,
  "artist_name": "widerberg",
  "artist_id": "6ob0DwL4uI6eR5i9cc5tNn",
  "release_date": "2021-11-05",
  "album_type": "single",
  "track_count": 2,
  "tracks": []
}