{
  "album_name": "Starlings - Single",
  "album_url": "https://www.last.fm/music/NTO/Starlings+-+Single",
  "listeners": "29",
  "playcount": "185",
  "artist_name": "NTO"
}