{
  "album name": "Swim",
  "album id": 523121232,
  "artist name": "Caribou",
  "artist id": 3892,
  "track count": 9,
  "fans": 608,
  "release date": "2010-01-01",
  "link": "https://www.deezer.com/album/523121232",
  "genres": [
    "Electro"
  ]
}