{
  "track_name": "Biologically Unique",
  "track_id": "1w0YqmsRPGnUhw5WPCjbwL",
  "popularity": 38,
  "artist_name": "widerberg",
  "artist_id": "6ob0DwL4uI6eR5i9cc5tNn",
  "album_name": "Destroying the Commons (The Noam Chomsky Music Project)",
  "album_id": "5j49qhDj0R2sNiYhyvsgUl"
}