{
  "track_name": "Vertdada",
  "track_id": "2UEVFeB9M9hNXl6dD3t2GS",
  "popularity": 27,
  "artist_name": "Romain Garcia",
  "artist_id": "7iCW4xyVOIklzZ2qc7pS5h",
  "album_name": "Syamo",
  "album_id": "1fp5VOyTSZXrfOiZyDSJFh"
}