{
  "track name": "Found Out",
  "track id": 2582922152,
  "artist name": "Caribou",
  "artist id": 3892,
  "album name": "Swim",
  "album id": 523121232
}