{
  "track_name": "Kaili",
  "track_id": 2582922142,
  "artist_name": "Caribou",
  "artist_id": 3892,
  "album_name": "Swim",
  "album_id": 523121232
}