{
  "artist_name": "Romain Garcia",
  "artist_id": "32c1c2f5-b510-4b57-bdf9-e0a3d7c79857",
  "type": "Person"
}