{
  "artist_name": "Teho",
  "artist_id": "aba439cf-cc1a-412e-bb46-a5e57a24d880",
  "type": "Person"
}