{
  "artist_name": "Paul Lomax",
  "artist_id": 257473,
  "track_count": 10,
  "fans_count": 217,
  "link": "https://www.deezer.com/artist/257473"
}