{
  "artist_name": "Caribou",
  "artist_id": 3892,
  "track_count": 19,
  "fans_count": 169009,
  "link": "https://www.deezer.com/artist/3892"
}