{
  "album_name": "Swim",
  "album_id": 523121232,
  "artist_name": "Caribou",
  "artist_id": 3892,
  "track_count": 9,
  "fans": 629,
  "release_date": "2010-01-01",
  "link": "https://www.deezer.com/album/523121232",
  "genres": [
    "Electro"
  ]
}