{
  "album name": "Coco Beach Ibiza, Vol. 3 - 10TH Anniversary (Compiled by Paul Lomax)",
  "album id": 7933290,
  "artist name": "Paul Lomax",
  "artist id": 257473,
  "track count": 22,
  "fans": 764,
  "release date": "2014-06-13",
  "link": "https://www.deezer.com/album/7933290",
  "genres": [
    "Electro",
    "Techno/House",
    "Dance"
  ]
}