{
  "track_name": "Starlings",
  "url": "https://www.last.fm/music/NTO/_/Starlings",
  "artist_name": "NTO",
  "artist_url": "https://www.last.fm/music/NTO",
  "album_name": "Starlings - Single",
  "album_url": "https://www.last.fm/music/NTO/Starlings+-+Single"
}