{
  "album_name": "Before You Go",
  "album_id": "8cc18a30-cac7-4794-bcac-24feebdcda17",
  "status": "Official",
  "artist_name": "Romain Garcia",
  "artist_id": "32c1c2f5-b510-4b57-bdf9-e0a3d7c79857",
  "track_count": 8
}