{
  "album_name": "Infinity",
  "album_id": "e73e0fa9-97d6-4c38-97a0-2d60240f3a32",
  "status": "Official",
  "artist_name": "Teho",
  "artist_id": "aba439cf-cc1a-412e-bb46-a5e57a24d880",
  "track_count": 11
}